          ANNUAL IRRIGATION CONSUMPTIVE USES

 Gila-San Francisco 1968-2024 CU xirrigcu program MBC SCS rain                   
 IRRIGATED AREA: LUNA                                    

                  CROP       CROP                                                                             TOTAL
                WEIGHTED    CU FULL    SHORTAGE  SHORTAGE  CONSUMPTIVE    INCIDENTAL      CONSERVATION       IRRIGATION
 YEAR    ACRES  CIR (FT)  SUPPLY (AF)    (AF)      (%)      USE (AF)    DEPLETIONS (AF)   DEPLETION (AF)   DEPLETION (AF)
 =========================================================================================================================

 2024     183.      1.44         265.        0.        0.         265.              22.              0.            286.

AVERAGE   183.      1.44         265.        0.        0.         265.              22.              0.            286.

 NOTE:SHORTAGES ARE BASED ON USER-INPUT PERCENTAGES AND EXCLUDE SHORTAGES AFTER USER-INPUT WATER SUPPLY CUTOFF DATES
 THAT MAY BE USED, FOR EXAMPLE, FOR SHORTED ALFALFA AND PASTURE.
 
 
 
 
 
 
 
 
 
 
 
 
 
 
 
 
 
 
 
 
 
 
 
 
 
 
 
 
 
          ANNUAL IRRIGATION CONSUMPTIVE USES

 Gila-San Francisco 1968-2024 CU xirrigcu program MBC SCS rain                   
 IRRIGATED AREA: APACHE-ARAGON                           

                  CROP       CROP                                                                             TOTAL
                WEIGHTED    CU FULL    SHORTAGE  SHORTAGE  CONSUMPTIVE    INCIDENTAL      CONSERVATION       IRRIGATION
 YEAR    ACRES  CIR (FT)  SUPPLY (AF)    (AF)      (%)      USE (AF)    DEPLETIONS (AF)   DEPLETION (AF)   DEPLETION (AF)
 =========================================================================================================================

 2024     157.      1.70         267.        0.        0.         267.              25.              0.            292.

AVERAGE   157.      1.70         267.        0.        0.         267.              25.              0.            292.

 NOTE:SHORTAGES ARE BASED ON USER-INPUT PERCENTAGES AND EXCLUDE SHORTAGES AFTER USER-INPUT WATER SUPPLY CUTOFF DATES
 THAT MAY BE USED, FOR EXAMPLE, FOR SHORTED ALFALFA AND PASTURE.
 
 
 
 
 
 
 
 
 
 
 
 
 
 
 
 
 
 
 
 
 
 
 
 
 
 
 
 
 
          ANNUAL IRRIGATION CONSUMPTIVE USES

 Gila-San Francisco 1968-2024 CU xirrigcu program MBC SCS rain                   
 IRRIGATED AREA: RESERVE                                 

                  CROP       CROP                                                                             TOTAL
                WEIGHTED    CU FULL    SHORTAGE  SHORTAGE  CONSUMPTIVE    INCIDENTAL      CONSERVATION       IRRIGATION
 YEAR    ACRES  CIR (FT)  SUPPLY (AF)    (AF)      (%)      USE (AF)    DEPLETIONS (AF)   DEPLETION (AF)   DEPLETION (AF)
 =========================================================================================================================

 2024     339.      1.94         656.        0.        0.         656.              61.              0.            716.

AVERAGE   339.      1.94         656.        0.        0.         656.              61.              0.            716.

 NOTE:SHORTAGES ARE BASED ON USER-INPUT PERCENTAGES AND EXCLUDE SHORTAGES AFTER USER-INPUT WATER SUPPLY CUTOFF DATES
 THAT MAY BE USED, FOR EXAMPLE, FOR SHORTED ALFALFA AND PASTURE.
 
 
 
 
 
 
 
 
 
 
 
 
 
 
 
 
 
 
 
 
 
 
 
 
 
 
 
 
 
          ANNUAL IRRIGATION CONSUMPTIVE USES

 Gila-San Francisco 1968-2024 CU xirrigcu program MBC SCS rain                   
 IRRIGATED AREA: GLENWOOD                                

                  CROP       CROP                                                                             TOTAL
                WEIGHTED    CU FULL    SHORTAGE  SHORTAGE  CONSUMPTIVE    INCIDENTAL      CONSERVATION       IRRIGATION
 YEAR    ACRES  CIR (FT)  SUPPLY (AF)    (AF)      (%)      USE (AF)    DEPLETIONS (AF)   DEPLETION (AF)   DEPLETION (AF)
 =========================================================================================================================

 2024     710.      2.48        1758.        0.        0.        1758.             158.              0.           1916.

AVERAGE   710.      2.48        1758.        0.        0.        1758.             158.              0.           1916.

 NOTE:SHORTAGES ARE BASED ON USER-INPUT PERCENTAGES AND EXCLUDE SHORTAGES AFTER USER-INPUT WATER SUPPLY CUTOFF DATES
 THAT MAY BE USED, FOR EXAMPLE, FOR SHORTED ALFALFA AND PASTURE.
 
 
 
 
 
 
 
 
 
 
 
 
 
 
 
 
 
 
 
 
 
 
 
 
 
 
 
 
 
          ANNUAL IRRIGATION CONSUMPTIVE USES

 Gila-San Francisco 1968-2024 CU xirrigcu program MBC SCS rain                   
 IRRIGATED AREA: UPPER GILA                              

                  CROP       CROP                                                                             TOTAL
                WEIGHTED    CU FULL    SHORTAGE  SHORTAGE  CONSUMPTIVE    INCIDENTAL      CONSERVATION       IRRIGATION
 YEAR    ACRES  CIR (FT)  SUPPLY (AF)    (AF)      (%)      USE (AF)    DEPLETIONS (AF)   DEPLETION (AF)   DEPLETION (AF)
 =========================================================================================================================

 2024      80.      2.00         161.        0.        0.         161.              11.              0.            172.

AVERAGE    80.      2.00         161.        0.        0.         161.              11.              0.            172.

 NOTE:SHORTAGES ARE BASED ON USER-INPUT PERCENTAGES AND EXCLUDE SHORTAGES AFTER USER-INPUT WATER SUPPLY CUTOFF DATES
 THAT MAY BE USED, FOR EXAMPLE, FOR SHORTED ALFALFA AND PASTURE.
 
 
 
 
 
 
 
 
 
 
 
 
 
 
 
 
 
 
 
 
 
 
 
 
 
 
 
 
 
          ANNUAL IRRIGATION CONSUMPTIVE USES

 Gila-San Francisco 1968-2024 CU xirrigcu program MBC SCS rain                   
 IRRIGATED AREA: CLIFF-GILA                              

                  CROP       CROP                                                                             TOTAL
                WEIGHTED    CU FULL    SHORTAGE  SHORTAGE  CONSUMPTIVE    INCIDENTAL      CONSERVATION       IRRIGATION
 YEAR    ACRES  CIR (FT)  SUPPLY (AF)    (AF)      (%)      USE (AF)    DEPLETIONS (AF)   DEPLETION (AF)   DEPLETION (AF)
 =========================================================================================================================

 2024    2060.      2.64        5446.        0.        0.        5446.             506.              0.           5952.

AVERAGE  2060.      2.64        5446.        0.        0.        5446.             506.              0.           5952.

 NOTE:SHORTAGES ARE BASED ON USER-INPUT PERCENTAGES AND EXCLUDE SHORTAGES AFTER USER-INPUT WATER SUPPLY CUTOFF DATES
 THAT MAY BE USED, FOR EXAMPLE, FOR SHORTED ALFALFA AND PASTURE.
 
 
 
 
 
 
 
 
 
 
 
 
 
 
 
 
 
 
 
 
 
 
 
 
 
 
 
 
 
          ANNUAL IRRIGATION CONSUMPTIVE USES

 Gila-San Francisco 1968-2024 CU xirrigcu program MBC SCS rain                   
 IRRIGATED AREA: REDROCK                                 

                  CROP       CROP                                                                             TOTAL
                WEIGHTED    CU FULL    SHORTAGE  SHORTAGE  CONSUMPTIVE    INCIDENTAL      CONSERVATION       IRRIGATION
 YEAR    ACRES  CIR (FT)  SUPPLY (AF)    (AF)      (%)      USE (AF)    DEPLETIONS (AF)   DEPLETION (AF)   DEPLETION (AF)
 =========================================================================================================================

 2024     116.      3.19         371.        0.        0.         371.              37.              0.            408.

AVERAGE   116.      3.19         371.        0.        0.         371.              37.              0.            408.

 NOTE:SHORTAGES ARE BASED ON USER-INPUT PERCENTAGES AND EXCLUDE SHORTAGES AFTER USER-INPUT WATER SUPPLY CUTOFF DATES
 THAT MAY BE USED, FOR EXAMPLE, FOR SHORTED ALFALFA AND PASTURE.
 
 
 
 
 
 
 
 
 
 
 
 
 
 
 
 
 
 
 
 
 
 
 
 
 
 
 
 
 
          ANNUAL IRRIGATION CONSUMPTIVE USES

 Gila-San Francisco 1968-2024 CU xirrigcu program MBC SCS rain                   
 IRRIGATED AREA: VIRDEN VALLEY                           

                  CROP       CROP                                                                             TOTAL
                WEIGHTED    CU FULL    SHORTAGE  SHORTAGE  CONSUMPTIVE    INCIDENTAL      CONSERVATION       IRRIGATION
 YEAR    ACRES  CIR (FT)  SUPPLY (AF)    (AF)      (%)      USE (AF)    DEPLETIONS (AF)   DEPLETION (AF)   DEPLETION (AF)
 =========================================================================================================================

 2024      60.      3.17         189.        0.        0.         189.               3.              0.            192.

AVERAGE    60.      3.17         189.        0.        0.         189.               3.              0.            192.

 NOTE:SHORTAGES ARE BASED ON USER-INPUT PERCENTAGES AND EXCLUDE SHORTAGES AFTER USER-INPUT WATER SUPPLY CUTOFF DATES
 THAT MAY BE USED, FOR EXAMPLE, FOR SHORTED ALFALFA AND PASTURE.
 
 
 
 
 
 
 
 
 
 
 
 
 
 
 
 
 
 
 
 
 
 
 
 
 
 
 
 
 
          ANNUAL IRRIGATION CONSUMPTIVE USES

 Gila-San Francisco 1968-2024 CU xirrigcu program MBC SCS rain                   
 IRRIGATED AREA: SAN SIMON                               

                  CROP       CROP                                                                             TOTAL
                WEIGHTED    CU FULL    SHORTAGE  SHORTAGE  CONSUMPTIVE    INCIDENTAL      CONSERVATION       IRRIGATION
 YEAR    ACRES  CIR (FT)  SUPPLY (AF)    (AF)      (%)      USE (AF)    DEPLETIONS (AF)   DEPLETION (AF)   DEPLETION (AF)
 =========================================================================================================================

 2024     754.      3.55        2680.        0.        0.        2680.              54.              0.           2734.

AVERAGE   754.      3.55        2680.        0.        0.        2680.              54.              0.           2734.

 NOTE:SHORTAGES ARE BASED ON USER-INPUT PERCENTAGES AND EXCLUDE SHORTAGES AFTER USER-INPUT WATER SUPPLY CUTOFF DATES
 THAT MAY BE USED, FOR EXAMPLE, FOR SHORTED ALFALFA AND PASTURE.
 
 
 
 
 
 
 
 
 
 
 
 
 
 
 
 
 
 
 
 
 
 
 
 
 
 
 
 
 
          ANNUAL IRRIGATION CONSUMPTIVE USES

 Gila-San Francisco 1968-2024 CU xirrigcu program MBC SCS rain                   
 REGION: LUNA LOCALE                             

                  CROP       CROP                                                                             TOTAL
                WEIGHTED    CU FULL    SHORTAGE  SHORTAGE  CONSUMPTIVE    INCIDENTAL      CONSERVATION       IRRIGATION
 YEAR    ACRES  CIR (FT)  SUPPLY (AF)    (AF)      (%)      USE (AF)    DEPLETIONS (AF)   DEPLETION (AF)   DEPLETION (AF)
 =========================================================================================================================

 2024     183.      1.44         265.        0.        0.         265.              22.              0.            286.

AVERAGE   183.      1.44         265.        0.        0.         265.              22.              0.            286.

NOTE:SHORTAGE BASED ON USER INPUT PERCENTAGES EXCLUDESSHORTAGES AFTER USER INPUT WATER SUPPLY CUTOFF DATES, SUCH ASFOR SHORTED ALFALFA AND PASTURE.
 
 
 
 
 
 
 
 
 
 
 
 
 
 
 
 
 
 
 
 
 
 
 
 
 
 
 
 
 
 
          ANNUAL IRRIGATION CONSUMPTIVE USES

 Gila-San Francisco 1968-2024 CU xirrigcu program MBC SCS rain                   
 REGION: APACHE-ARAGON LOCALE                    

                  CROP       CROP                                                                             TOTAL
                WEIGHTED    CU FULL    SHORTAGE  SHORTAGE  CONSUMPTIVE    INCIDENTAL      CONSERVATION       IRRIGATION
 YEAR    ACRES  CIR (FT)  SUPPLY (AF)    (AF)      (%)      USE (AF)    DEPLETIONS (AF)   DEPLETION (AF)   DEPLETION (AF)
 =========================================================================================================================

 2024     157.      1.70         267.        0.        0.         267.              25.              0.            292.

AVERAGE   157.      1.70         267.        0.        0.         267.              25.              0.            292.

NOTE:SHORTAGE BASED ON USER INPUT PERCENTAGES EXCLUDESSHORTAGES AFTER USER INPUT WATER SUPPLY CUTOFF DATES, SUCH ASFOR SHORTED ALFALFA AND PASTURE.
 
 
 
 
 
 
 
 
 
 
 
 
 
 
 
 
 
 
 
 
 
 
 
 
 
 
 
 
 
 
          ANNUAL IRRIGATION CONSUMPTIVE USES

 Gila-San Francisco 1968-2024 CU xirrigcu program MBC SCS rain                   
 REGION: RESERVE LOCALE                          

                  CROP       CROP                                                                             TOTAL
                WEIGHTED    CU FULL    SHORTAGE  SHORTAGE  CONSUMPTIVE    INCIDENTAL      CONSERVATION       IRRIGATION
 YEAR    ACRES  CIR (FT)  SUPPLY (AF)    (AF)      (%)      USE (AF)    DEPLETIONS (AF)   DEPLETION (AF)   DEPLETION (AF)
 =========================================================================================================================

 2024     339.      1.94         656.        0.        0.         656.              61.              0.            716.

AVERAGE   339.      1.94         656.        0.        0.         656.              61.              0.            716.

NOTE:SHORTAGE BASED ON USER INPUT PERCENTAGES EXCLUDESSHORTAGES AFTER USER INPUT WATER SUPPLY CUTOFF DATES, SUCH ASFOR SHORTED ALFALFA AND PASTURE.
 
 
 
 
 
 
 
 
 
 
 
 
 
 
 
 
 
 
 
 
 
 
 
 
 
 
 
 
 
 
          ANNUAL IRRIGATION CONSUMPTIVE USES

 Gila-San Francisco 1968-2024 CU xirrigcu program MBC SCS rain                   
 REGION: GLENWOOD LOCALE                         

                  CROP       CROP                                                                             TOTAL
                WEIGHTED    CU FULL    SHORTAGE  SHORTAGE  CONSUMPTIVE    INCIDENTAL      CONSERVATION       IRRIGATION
 YEAR    ACRES  CIR (FT)  SUPPLY (AF)    (AF)      (%)      USE (AF)    DEPLETIONS (AF)   DEPLETION (AF)   DEPLETION (AF)
 =========================================================================================================================

 2024     710.      2.48        1758.        0.        0.        1758.             158.              0.           1916.

AVERAGE   710.      2.48        1758.        0.        0.        1758.             158.              0.           1916.

NOTE:SHORTAGE BASED ON USER INPUT PERCENTAGES EXCLUDESSHORTAGES AFTER USER INPUT WATER SUPPLY CUTOFF DATES, SUCH ASFOR SHORTED ALFALFA AND PASTURE.
 
 
 
 
 
 
 
 
 
 
 
 
 
 
 
 
 
 
 
 
 
 
 
 
 
 
 
 
 
 
          ANNUAL IRRIGATION CONSUMPTIVE USES

 Gila-San Francisco 1968-2024 CU xirrigcu program MBC SCS rain                   
 REGION: UPPER GILA LOCALE                       

                  CROP       CROP                                                                             TOTAL
                WEIGHTED    CU FULL    SHORTAGE  SHORTAGE  CONSUMPTIVE    INCIDENTAL      CONSERVATION       IRRIGATION
 YEAR    ACRES  CIR (FT)  SUPPLY (AF)    (AF)      (%)      USE (AF)    DEPLETIONS (AF)   DEPLETION (AF)   DEPLETION (AF)
 =========================================================================================================================

 2024      80.      2.00         161.        0.        0.         161.              11.              0.            172.

AVERAGE    80.      2.00         161.        0.        0.         161.              11.              0.            172.

NOTE:SHORTAGE BASED ON USER INPUT PERCENTAGES EXCLUDESSHORTAGES AFTER USER INPUT WATER SUPPLY CUTOFF DATES, SUCH ASFOR SHORTED ALFALFA AND PASTURE.
 
 
 
 
 
 
 
 
 
 
 
 
 
 
 
 
 
 
 
 
 
 
 
 
 
 
 
 
 
 
          ANNUAL IRRIGATION CONSUMPTIVE USES

 Gila-San Francisco 1968-2024 CU xirrigcu program MBC SCS rain                   
 REGION: CLIFF-GILA LOCALE                       

                  CROP       CROP                                                                             TOTAL
                WEIGHTED    CU FULL    SHORTAGE  SHORTAGE  CONSUMPTIVE    INCIDENTAL      CONSERVATION       IRRIGATION
 YEAR    ACRES  CIR (FT)  SUPPLY (AF)    (AF)      (%)      USE (AF)    DEPLETIONS (AF)   DEPLETION (AF)   DEPLETION (AF)
 =========================================================================================================================

 2024    2060.      2.64        5446.        0.        0.        5446.             506.              0.           5952.

AVERAGE  2060.      2.64        5446.        0.        0.        5446.             506.              0.           5952.

NOTE:SHORTAGE BASED ON USER INPUT PERCENTAGES EXCLUDESSHORTAGES AFTER USER INPUT WATER SUPPLY CUTOFF DATES, SUCH ASFOR SHORTED ALFALFA AND PASTURE.
 
 
 
 
 
 
 
 
 
 
 
 
 
 
 
 
 
 
 
 
 
 
 
 
 
 
 
 
 
 
          ANNUAL IRRIGATION CONSUMPTIVE USES

 Gila-San Francisco 1968-2024 CU xirrigcu program MBC SCS rain                   
 REGION: REDROCK LOCALE                          

                  CROP       CROP                                                                             TOTAL
                WEIGHTED    CU FULL    SHORTAGE  SHORTAGE  CONSUMPTIVE    INCIDENTAL      CONSERVATION       IRRIGATION
 YEAR    ACRES  CIR (FT)  SUPPLY (AF)    (AF)      (%)      USE (AF)    DEPLETIONS (AF)   DEPLETION (AF)   DEPLETION (AF)
 =========================================================================================================================

 2024     116.      3.19         371.        0.        0.         371.              37.              0.            408.

AVERAGE   116.      3.19         371.        0.        0.         371.              37.              0.            408.

NOTE:SHORTAGE BASED ON USER INPUT PERCENTAGES EXCLUDESSHORTAGES AFTER USER INPUT WATER SUPPLY CUTOFF DATES, SUCH ASFOR SHORTED ALFALFA AND PASTURE.
 
 
 
 
 
 
 
 
 
 
 
 
 
 
 
 
 
 
 
 
 
 
 
 
 
 
 
 
 
 
          ANNUAL IRRIGATION CONSUMPTIVE USES

 Gila-San Francisco 1968-2024 CU xirrigcu program MBC SCS rain                   
 REGION: VIRDEN VALLEY LOCALE                    

                  CROP       CROP                                                                             TOTAL
                WEIGHTED    CU FULL    SHORTAGE  SHORTAGE  CONSUMPTIVE    INCIDENTAL      CONSERVATION       IRRIGATION
 YEAR    ACRES  CIR (FT)  SUPPLY (AF)    (AF)      (%)      USE (AF)    DEPLETIONS (AF)   DEPLETION (AF)   DEPLETION (AF)
 =========================================================================================================================

 2024      60.      3.17         189.        0.        0.         189.               3.              0.            192.

AVERAGE    60.      3.17         189.        0.        0.         189.               3.              0.            192.

NOTE:SHORTAGE BASED ON USER INPUT PERCENTAGES EXCLUDESSHORTAGES AFTER USER INPUT WATER SUPPLY CUTOFF DATES, SUCH ASFOR SHORTED ALFALFA AND PASTURE.
 
 
 
 
 
 
 
 
 
 
 
 
 
 
 
 
 
 
 
 
 
 
 
 
 
 
 
 
 
 
          ANNUAL IRRIGATION CONSUMPTIVE USES

 Gila-San Francisco 1968-2024 CU xirrigcu program MBC SCS rain                   
 REGION: SAN SIMON LOCALE                        

                  CROP       CROP                                                                             TOTAL
                WEIGHTED    CU FULL    SHORTAGE  SHORTAGE  CONSUMPTIVE    INCIDENTAL      CONSERVATION       IRRIGATION
 YEAR    ACRES  CIR (FT)  SUPPLY (AF)    (AF)      (%)      USE (AF)    DEPLETIONS (AF)   DEPLETION (AF)   DEPLETION (AF)
 =========================================================================================================================

 2024     754.      3.55        2680.        0.        0.        2680.              54.              0.           2734.

AVERAGE   754.      3.55        2680.        0.        0.        2680.              54.              0.           2734.

NOTE:SHORTAGE BASED ON USER INPUT PERCENTAGES EXCLUDESSHORTAGES AFTER USER INPUT WATER SUPPLY CUTOFF DATES, SUCH ASFOR SHORTED ALFALFA AND PASTURE.
 
 
 
 
 
 
 
 
 
 
 
 
 
 
 
 
 
 
 
 
 
 
 
 
 
 
 
 
 
 
