          ANNUAL IRRIGATION CONSUMPTIVE USES

 Gila-San Francisco 1968-2024 CU xirrigcu program MBC SCS rain                   
 IRRIGATED AREA: LUNA                                    

                  CROP       CROP                                                                             TOTAL
                WEIGHTED    CU FULL    SHORTAGE  SHORTAGE  CONSUMPTIVE    INCIDENTAL      CONSERVATION       IRRIGATION
 YEAR    ACRES  CIR (FT)  SUPPLY (AF)    (AF)      (%)      USE (AF)    DEPLETIONS (AF)   DEPLETION (AF)   DEPLETION (AF)
 =========================================================================================================================

 2014     150.      1.04         156.        0.        0.         156.              16.              0.            172.
 2015     150.      0.66         100.        0.        0.         100.              10.              0.            110.
 2016     125.      0.85         106.        0.        0.         106.              11.              0.            117.
 2017     159.      0.99         157.        0.        0.         157.              16.              0.            172.
 2018     101.      1.09         110.        0.        0.         110.              10.              0.            119.
 2019     108.      1.04         113.        0.        0.         113.              11.              0.            124.
 2020     114.      1.89         216.        0.        0.         216.              21.              0.            238.
 2021      52.      1.48          77.        0.        0.          77.               7.              0.             84.
 2022      68.      1.12          76.        0.        0.          76.               7.              0.             83.
 2023     137.      1.66         227.        0.        0.         227.              22.              0.            249.
 2024     183.      1.44         265.        0.        0.         265.              22.              0.            286.

AVERAGE   122.      1.21         146.        0.        0.         146.              14.              0.            159.

 NOTE:SHORTAGES ARE BASED ON USER-INPUT PERCENTAGES AND EXCLUDE SHORTAGES AFTER USER-INPUT WATER SUPPLY CUTOFF DATES
 THAT MAY BE USED, FOR EXAMPLE, FOR SHORTED ALFALFA AND PASTURE.
 
 
 
 
 
 
 
 
 
 
 
 
 
 
 
 
 
 
 
          ANNUAL IRRIGATION CONSUMPTIVE USES

 Gila-San Francisco 1968-2024 CU xirrigcu program MBC SCS rain                   
 IRRIGATED AREA: APACHE-ARAGON                           

                  CROP       CROP                                                                             TOTAL
                WEIGHTED    CU FULL    SHORTAGE  SHORTAGE  CONSUMPTIVE    INCIDENTAL      CONSERVATION       IRRIGATION
 YEAR    ACRES  CIR (FT)  SUPPLY (AF)    (AF)      (%)      USE (AF)    DEPLETIONS (AF)   DEPLETION (AF)   DEPLETION (AF)
 =========================================================================================================================

 2014     166.      1.04         172.        0.        0.         172.              16.              0.            188.
 2015     165.      1.77         293.        0.        0.         293.              28.              0.            320.
 2016     151.      1.46         219.        0.        0.         219.              20.              0.            240.
 2017     146.      1.75         255.        0.        0.         255.              23.              0.            278.
 2018     141.      1.95         274.        0.        0.         274.              24.              0.            299.
 2019     129.      1.60         206.        0.        0.         206.              18.              0.            223.
 2020     194.      2.38         461.        0.        0.         461.              38.              0.            499.
 2021     195.      2.04         398.        0.        0.         398.              33.              0.            431.
 2022     197.      1.24         244.        0.        0.         244.              20.              0.            264.
 2023     181.      1.82         330.        0.        0.         330.              27.              0.            357.
 2024     157.      1.70         267.        0.        0.         267.              25.              0.            292.

AVERAGE   166.      1.70         284.        0.        0.         284.              25.              0.            308.

 NOTE:SHORTAGES ARE BASED ON USER-INPUT PERCENTAGES AND EXCLUDE SHORTAGES AFTER USER-INPUT WATER SUPPLY CUTOFF DATES
 THAT MAY BE USED, FOR EXAMPLE, FOR SHORTED ALFALFA AND PASTURE.
 
 
 
 
 
 
 
 
 
 
 
 
 
 
 
 
 
 
 
          ANNUAL IRRIGATION CONSUMPTIVE USES

 Gila-San Francisco 1968-2024 CU xirrigcu program MBC SCS rain                   
 IRRIGATED AREA: RESERVE                                 

                  CROP       CROP                                                                             TOTAL
                WEIGHTED    CU FULL    SHORTAGE  SHORTAGE  CONSUMPTIVE    INCIDENTAL      CONSERVATION       IRRIGATION
 YEAR    ACRES  CIR (FT)  SUPPLY (AF)    (AF)      (%)      USE (AF)    DEPLETIONS (AF)   DEPLETION (AF)   DEPLETION (AF)
 =========================================================================================================================

 2014     302.      2.08         627.        0.        0.         627.              55.              0.            682.
 2015     274.      1.93         529.        0.        0.         529.              50.              0.            580.
 2016     292.      1.46         425.        0.        0.         425.              41.              0.            466.
 2017     256.      1.73         442.        0.        0.         442.              42.              0.            485.
 2018     263.      1.95         511.        0.        0.         511.              48.              0.            559.
 2019     307.      1.61         494.        0.        0.         494.              45.              0.            539.
 2020     307.      2.36         722.        0.        0.         722.              64.              0.            787.
 2021     295.      1.93         569.        0.        0.         569.              51.              0.            620.
 2022     284.      1.48         419.        0.        0.         419.              39.              0.            458.
 2023     314.      2.09         658.        0.        0.         658.              62.              0.            720.
 2024     339.      1.94         656.        0.        0.         656.              61.              0.            716.

AVERAGE   294.      1.87         550.        0.        0.         550.              51.              0.            601.

 NOTE:SHORTAGES ARE BASED ON USER-INPUT PERCENTAGES AND EXCLUDE SHORTAGES AFTER USER-INPUT WATER SUPPLY CUTOFF DATES
 THAT MAY BE USED, FOR EXAMPLE, FOR SHORTED ALFALFA AND PASTURE.
 
 
 
 
 
 
 
 
 
 
 
 
 
 
 
 
 
 
 
          ANNUAL IRRIGATION CONSUMPTIVE USES

 Gila-San Francisco 1968-2024 CU xirrigcu program MBC SCS rain                   
 IRRIGATED AREA: GLENWOOD                                

                  CROP       CROP                                                                             TOTAL
                WEIGHTED    CU FULL    SHORTAGE  SHORTAGE  CONSUMPTIVE    INCIDENTAL      CONSERVATION       IRRIGATION
 YEAR    ACRES  CIR (FT)  SUPPLY (AF)    (AF)      (%)      USE (AF)    DEPLETIONS (AF)   DEPLETION (AF)   DEPLETION (AF)
 =========================================================================================================================

 2014     415.      2.16         896.        0.        0.         896.              85.              0.            981.
 2015     592.      2.27        1342.        0.        0.        1342.             126.              0.           1468.
 2016     600.      2.12        1271.        0.        0.        1271.             120.              0.           1392.
 2017     655.      2.41        1581.        0.        0.        1581.             148.              0.           1728.
 2018     513.      2.26        1160.        0.        0.        1160.             105.              0.           1266.
 2019     628.      2.12        1335.        0.        0.        1335.             122.              0.           1457.
 2020     677.      2.85        1929.        0.        0.        1929.             175.              0.           2105.
 2021     622.      2.18        1355.        0.        0.        1355.             120.              0.           1475.
 2022     669.      1.74        1166.        0.        0.        1166.             107.              0.           1273.
 2023     708.      2.59        1833.        0.        0.        1833.             167.              0.           2000.
 2024     710.      2.48        1758.        0.        0.        1758.             158.              0.           1916.

AVERAGE   617.      2.29        1421.        0.        0.        1421.             130.              0.           1551.

 NOTE:SHORTAGES ARE BASED ON USER-INPUT PERCENTAGES AND EXCLUDE SHORTAGES AFTER USER-INPUT WATER SUPPLY CUTOFF DATES
 THAT MAY BE USED, FOR EXAMPLE, FOR SHORTED ALFALFA AND PASTURE.
 
 
 
 
 
 
 
 
 
 
 
 
 
 
 
 
 
 
 
          ANNUAL IRRIGATION CONSUMPTIVE USES

 Gila-San Francisco 1968-2024 CU xirrigcu program MBC SCS rain                   
 IRRIGATED AREA: UPPER GILA                              

                  CROP       CROP                                                                             TOTAL
                WEIGHTED    CU FULL    SHORTAGE  SHORTAGE  CONSUMPTIVE    INCIDENTAL      CONSERVATION       IRRIGATION
 YEAR    ACRES  CIR (FT)  SUPPLY (AF)    (AF)      (%)      USE (AF)    DEPLETIONS (AF)   DEPLETION (AF)   DEPLETION (AF)
 =========================================================================================================================

 2014      55.      1.77          98.        0.        0.          98.              10.              0.            108.
 2015      60.      1.60          96.        0.        0.          96.               9.              0.            105.
 2016      62.      1.82         113.        0.        0.         113.              10.              0.            123.
 2017      68.      1.98         134.        0.        0.         134.              11.              0.            145.
 2018      63.      1.95         123.        0.        0.         123.              10.              0.            133.
 2019      90.      1.83         165.        0.        0.         165.              14.              0.            179.
 2020      62.      2.08         128.        0.        0.         128.              10.              0.            138.
 2021      70.      1.78         125.        0.        0.         125.              10.              0.            135.
 2022      50.      1.37          69.        0.        0.          69.               3.              0.             72.
 2023      78.      2.11         165.        0.        0.         165.              11.              0.            176.
 2024      80.      2.00         161.        0.        0.         161.              11.              0.            172.

AVERAGE    67.      1.85         125.        0.        0.         125.              10.              0.            135.

 NOTE:SHORTAGES ARE BASED ON USER-INPUT PERCENTAGES AND EXCLUDE SHORTAGES AFTER USER-INPUT WATER SUPPLY CUTOFF DATES
 THAT MAY BE USED, FOR EXAMPLE, FOR SHORTED ALFALFA AND PASTURE.
 
 
 
 
 
 
 
 
 
 
 
 
 
 
 
 
 
 
 
          ANNUAL IRRIGATION CONSUMPTIVE USES

 Gila-San Francisco 1968-2024 CU xirrigcu program MBC SCS rain                   
 IRRIGATED AREA: CLIFF-GILA                              

                  CROP       CROP                                                                             TOTAL
                WEIGHTED    CU FULL    SHORTAGE  SHORTAGE  CONSUMPTIVE    INCIDENTAL      CONSERVATION       IRRIGATION
 YEAR    ACRES  CIR (FT)  SUPPLY (AF)    (AF)      (%)      USE (AF)    DEPLETIONS (AF)   DEPLETION (AF)   DEPLETION (AF)
 =========================================================================================================================

 2014    1850.      2.08        3846.        0.        0.        3846.             376.              0.           4223.
 2015    1687.      2.24        3786.        0.        0.        3786.             365.              0.           4151.
 2016    1745.      2.18        3803.        0.        0.        3803.             362.              0.           4164.
 2017    1763.      2.41        4241.        0.        0.        4241.             399.              0.           4640.
 2018    1564.      2.29        3577.        0.        0.        3577.             331.              0.           3908.
 2019    1791.      2.29        4099.        0.        0.        4099.             381.              0.           4480.
 2020    1772.      2.44        4317.        0.        0.        4317.             400.              0.           4717.
 2021    1709.      1.94        3311.        0.        0.        3311.             305.              0.           3617.
 2022    1868.      1.73        3238.        0.        0.        3238.             297.              0.           3535.
 2023    1913.      2.82        5394.        0.        0.        5394.             494.              0.           5888.
 2024    2060.      2.64        5446.        0.        0.        5446.             506.              0.           5952.

AVERAGE  1793.      2.28        4096.        0.        0.        4096.             383.              0.           4480.

 NOTE:SHORTAGES ARE BASED ON USER-INPUT PERCENTAGES AND EXCLUDE SHORTAGES AFTER USER-INPUT WATER SUPPLY CUTOFF DATES
 THAT MAY BE USED, FOR EXAMPLE, FOR SHORTED ALFALFA AND PASTURE.
 
 
 
 
 
 
 
 
 
 
 
 
 
 
 
 
 
 
 
          ANNUAL IRRIGATION CONSUMPTIVE USES

 Gila-San Francisco 1968-2024 CU xirrigcu program MBC SCS rain                   
 IRRIGATED AREA: REDROCK                                 

                  CROP       CROP                                                                             TOTAL
                WEIGHTED    CU FULL    SHORTAGE  SHORTAGE  CONSUMPTIVE    INCIDENTAL      CONSERVATION       IRRIGATION
 YEAR    ACRES  CIR (FT)  SUPPLY (AF)    (AF)      (%)      USE (AF)    DEPLETIONS (AF)   DEPLETION (AF)   DEPLETION (AF)
 =========================================================================================================================

 2014     213.      2.66         566.        0.        0.         566.              54.              0.            620.
 2015     159.      2.71         430.        0.        0.         430.              35.              0.            465.
 2016     106.      1.96         208.        0.        0.         208.              19.              0.            226.
 2017     135.      2.19         296.        0.        0.         296.              24.              0.            320.
 2018     113.      2.67         302.        0.        0.         302.              28.              0.            330.
 2019     100.      2.75         274.        0.        0.         274.              26.              0.            300.
 2020     129.      3.29         424.        0.        0.         424.              39.              0.            463.
 2021      93.      2.81         261.        0.        0.         261.              25.              0.            286.
 2022      96.      2.75         263.        0.        0.         263.              25.              0.            288.
 2023     131.      3.23         424.        0.        0.         424.              41.              0.            465.
 2024     116.      3.19         371.        0.        0.         371.              37.              0.            408.

AVERAGE   126.      2.75         347.        0.        0.         347.              32.              0.            379.

 NOTE:SHORTAGES ARE BASED ON USER-INPUT PERCENTAGES AND EXCLUDE SHORTAGES AFTER USER-INPUT WATER SUPPLY CUTOFF DATES
 THAT MAY BE USED, FOR EXAMPLE, FOR SHORTED ALFALFA AND PASTURE.
 
 
 
 
 
 
 
 
 
 
 
 
 
 
 
 
 
 
 
          ANNUAL IRRIGATION CONSUMPTIVE USES

 Gila-San Francisco 1968-2024 CU xirrigcu program MBC SCS rain                   
 IRRIGATED AREA: VIRDEN VALLEY                           

                  CROP       CROP                                                                             TOTAL
                WEIGHTED    CU FULL    SHORTAGE  SHORTAGE  CONSUMPTIVE    INCIDENTAL      CONSERVATION       IRRIGATION
 YEAR    ACRES  CIR (FT)  SUPPLY (AF)    (AF)      (%)      USE (AF)    DEPLETIONS (AF)   DEPLETION (AF)   DEPLETION (AF)
 =========================================================================================================================

 2014     221.      2.68         591.        0.        0.         591.              12.              0.            602.
 2015     232.      2.64         610.        0.        0.         610.              12.              0.            622.
 2016     280.      2.87         805.        0.        0.         805.              16.              0.            821.
 2017     270.      3.27         883.        0.        0.         883.              18.              0.            900.
 2018     279.      2.83         788.        0.        0.         788.              16.              0.            804.
 2019      45.      2.16          98.        0.        0.          98.               2.              0.             99.
 2020      49.      3.00         146.        0.        0.         146.               2.              0.            147.
 2021      49.      1.91          92.        0.        0.          92.               1.              0.             94.
 2022      99.      1.64         162.        0.        0.         162.               3.              0.            165.
 2023      45.      2.02          91.        0.        0.          91.               1.              0.             92.
 2024      60.      3.17         189.        0.        0.         189.               3.              0.            192.

AVERAGE   148.      2.56         405.        0.        0.         405.               8.              0.            413.

 NOTE:SHORTAGES ARE BASED ON USER-INPUT PERCENTAGES AND EXCLUDE SHORTAGES AFTER USER-INPUT WATER SUPPLY CUTOFF DATES
 THAT MAY BE USED, FOR EXAMPLE, FOR SHORTED ALFALFA AND PASTURE.
 
 
 
 
 
 
 
 
 
 
 
 
 
 
 
 
 
 
 
          ANNUAL IRRIGATION CONSUMPTIVE USES

 Gila-San Francisco 1968-2024 CU xirrigcu program MBC SCS rain                   
 IRRIGATED AREA: SAN SIMON                               

                  CROP       CROP                                                                             TOTAL
                WEIGHTED    CU FULL    SHORTAGE  SHORTAGE  CONSUMPTIVE    INCIDENTAL      CONSERVATION       IRRIGATION
 YEAR    ACRES  CIR (FT)  SUPPLY (AF)    (AF)      (%)      USE (AF)    DEPLETIONS (AF)   DEPLETION (AF)   DEPLETION (AF)
 =========================================================================================================================

 2014     201.      2.39         480.        0.        0.         480.              10.              0.            490.
 2015     543.      1.74         944.        0.        0.         944.              19.              0.            962.
 2016     672.      2.61        1758.        0.        0.        1758.              35.              0.           1793.
 2017     555.      2.92        1619.        0.        0.        1619.              32.              0.           1652.
 2018     919.      2.62        2408.        0.        0.        2408.              48.              0.           2456.
 2019     858.      2.86        2455.        0.        0.        2455.              49.              0.           2504.
 2020     624.      3.56        2220.        0.        0.        2220.              44.              0.           2264.
 2021     475.      2.92        1387.        0.        0.        1387.              28.              0.           1415.
 2022     231.      2.69         619.        0.        0.         619.              12.              0.            632.
 2023     522.      3.53        1844.        0.        0.        1844.              37.              0.           1881.
 2024     754.      3.55        2680.        0.        0.        2680.              54.              0.           2734.

AVERAGE   578.      2.85        1674.        0.        0.        1674.              33.              0.           1707.

 NOTE:SHORTAGES ARE BASED ON USER-INPUT PERCENTAGES AND EXCLUDE SHORTAGES AFTER USER-INPUT WATER SUPPLY CUTOFF DATES
 THAT MAY BE USED, FOR EXAMPLE, FOR SHORTED ALFALFA AND PASTURE.
 
 
 
 
 
 
 
 
 
 
 
 
 
 
 
 
 
 
 
          ANNUAL IRRIGATION CONSUMPTIVE USES

 Gila-San Francisco 1968-2024 CU xirrigcu program MBC SCS rain                   
 REGION: LUNA LOCALE                             

                  CROP       CROP                                                                             TOTAL
                WEIGHTED    CU FULL    SHORTAGE  SHORTAGE  CONSUMPTIVE    INCIDENTAL      CONSERVATION       IRRIGATION
 YEAR    ACRES  CIR (FT)  SUPPLY (AF)    (AF)      (%)      USE (AF)    DEPLETIONS (AF)   DEPLETION (AF)   DEPLETION (AF)
 =========================================================================================================================

 2014     150.      1.04         156.        0.        0.         156.              16.              0.            172.
 2015     150.      0.66         100.        0.        0.         100.              10.              0.            110.
 2016     125.      0.85         106.        0.        0.         106.              11.              0.            117.
 2017     159.      0.99         157.        0.        0.         157.              16.              0.            172.
 2018     101.      1.09         110.        0.        0.         110.              10.              0.            119.
 2019     108.      1.04         113.        0.        0.         113.              11.              0.            124.
 2020     114.      1.89         216.        0.        0.         216.              21.              0.            238.
 2021      52.      1.48          77.        0.        0.          77.               7.              0.             84.
 2022      68.      1.12          76.        0.        0.          76.               7.              0.             83.
 2023     137.      1.66         227.        0.        0.         227.              22.              0.            249.
 2024     183.      1.44         265.        0.        0.         265.              22.              0.            286.

AVERAGE   122.      1.21         146.        0.        0.         146.              14.              0.            159.

NOTE:SHORTAGE BASED ON USER INPUT PERCENTAGES EXCLUDESSHORTAGES AFTER USER INPUT WATER SUPPLY CUTOFF DATES, SUCH ASFOR SHORTED ALFALFA AND PASTURE.
 
 
 
 
 
 
 
 
 
 
 
 
 
 
 
 
 
 
 
 
          ANNUAL IRRIGATION CONSUMPTIVE USES

 Gila-San Francisco 1968-2024 CU xirrigcu program MBC SCS rain                   
 REGION: APACHE-ARAGON LOCALE                    

                  CROP       CROP                                                                             TOTAL
                WEIGHTED    CU FULL    SHORTAGE  SHORTAGE  CONSUMPTIVE    INCIDENTAL      CONSERVATION       IRRIGATION
 YEAR    ACRES  CIR (FT)  SUPPLY (AF)    (AF)      (%)      USE (AF)    DEPLETIONS (AF)   DEPLETION (AF)   DEPLETION (AF)
 =========================================================================================================================

 2014     166.      1.04         172.        0.        0.         172.              16.              0.            188.
 2015     165.      1.77         293.        0.        0.         293.              28.              0.            320.
 2016     151.      1.46         219.        0.        0.         219.              20.              0.            240.
 2017     146.      1.75         255.        0.        0.         255.              23.              0.            278.
 2018     141.      1.95         274.        0.        0.         274.              24.              0.            299.
 2019     129.      1.60         206.        0.        0.         206.              18.              0.            223.
 2020     194.      2.38         461.        0.        0.         461.              38.              0.            499.
 2021     195.      2.04         398.        0.        0.         398.              33.              0.            431.
 2022     197.      1.24         244.        0.        0.         244.              20.              0.            264.
 2023     181.      1.82         330.        0.        0.         330.              27.              0.            357.
 2024     157.      1.70         267.        0.        0.         267.              25.              0.            292.

AVERAGE   166.      1.70         284.        0.        0.         284.              25.              0.            308.

NOTE:SHORTAGE BASED ON USER INPUT PERCENTAGES EXCLUDESSHORTAGES AFTER USER INPUT WATER SUPPLY CUTOFF DATES, SUCH ASFOR SHORTED ALFALFA AND PASTURE.
 
 
 
 
 
 
 
 
 
 
 
 
 
 
 
 
 
 
 
 
          ANNUAL IRRIGATION CONSUMPTIVE USES

 Gila-San Francisco 1968-2024 CU xirrigcu program MBC SCS rain                   
 REGION: RESERVE LOCALE                          

                  CROP       CROP                                                                             TOTAL
                WEIGHTED    CU FULL    SHORTAGE  SHORTAGE  CONSUMPTIVE    INCIDENTAL      CONSERVATION       IRRIGATION
 YEAR    ACRES  CIR (FT)  SUPPLY (AF)    (AF)      (%)      USE (AF)    DEPLETIONS (AF)   DEPLETION (AF)   DEPLETION (AF)
 =========================================================================================================================

 2014     302.      2.08         627.        0.        0.         627.              55.              0.            682.
 2015     274.      1.93         529.        0.        0.         529.              50.              0.            580.
 2016     292.      1.46         425.        0.        0.         425.              41.              0.            466.
 2017     256.      1.73         442.        0.        0.         442.              42.              0.            485.
 2018     263.      1.95         511.        0.        0.         511.              48.              0.            559.
 2019     307.      1.61         494.        0.        0.         494.              45.              0.            539.
 2020     307.      2.36         722.        0.        0.         722.              64.              0.            787.
 2021     295.      1.93         569.        0.        0.         569.              51.              0.            620.
 2022     284.      1.48         419.        0.        0.         419.              39.              0.            458.
 2023     314.      2.09         658.        0.        0.         658.              62.              0.            720.
 2024     339.      1.94         656.        0.        0.         656.              61.              0.            716.

AVERAGE   294.      1.87         550.        0.        0.         550.              51.              0.            601.

NOTE:SHORTAGE BASED ON USER INPUT PERCENTAGES EXCLUDESSHORTAGES AFTER USER INPUT WATER SUPPLY CUTOFF DATES, SUCH ASFOR SHORTED ALFALFA AND PASTURE.
 
 
 
 
 
 
 
 
 
 
 
 
 
 
 
 
 
 
 
 
          ANNUAL IRRIGATION CONSUMPTIVE USES

 Gila-San Francisco 1968-2024 CU xirrigcu program MBC SCS rain                   
 REGION: GLENWOOD LOCALE                         

                  CROP       CROP                                                                             TOTAL
                WEIGHTED    CU FULL    SHORTAGE  SHORTAGE  CONSUMPTIVE    INCIDENTAL      CONSERVATION       IRRIGATION
 YEAR    ACRES  CIR (FT)  SUPPLY (AF)    (AF)      (%)      USE (AF)    DEPLETIONS (AF)   DEPLETION (AF)   DEPLETION (AF)
 =========================================================================================================================

 2014     415.      2.16         896.        0.        0.         896.              85.              0.            981.
 2015     592.      2.27        1342.        0.        0.        1342.             126.              0.           1468.
 2016     600.      2.12        1271.        0.        0.        1271.             120.              0.           1392.
 2017     655.      2.41        1581.        0.        0.        1581.             148.              0.           1728.
 2018     513.      2.26        1160.        0.        0.        1160.             105.              0.           1266.
 2019     628.      2.12        1335.        0.        0.        1335.             122.              0.           1457.
 2020     677.      2.85        1929.        0.        0.        1929.             175.              0.           2105.
 2021     622.      2.18        1355.        0.        0.        1355.             120.              0.           1475.
 2022     669.      1.74        1166.        0.        0.        1166.             107.              0.           1273.
 2023     708.      2.59        1833.        0.        0.        1833.             167.              0.           2000.
 2024     710.      2.48        1758.        0.        0.        1758.             158.              0.           1916.

AVERAGE   617.      2.29        1421.        0.        0.        1421.             130.              0.           1551.

NOTE:SHORTAGE BASED ON USER INPUT PERCENTAGES EXCLUDESSHORTAGES AFTER USER INPUT WATER SUPPLY CUTOFF DATES, SUCH ASFOR SHORTED ALFALFA AND PASTURE.
 
 
 
 
 
 
 
 
 
 
 
 
 
 
 
 
 
 
 
 
          ANNUAL IRRIGATION CONSUMPTIVE USES

 Gila-San Francisco 1968-2024 CU xirrigcu program MBC SCS rain                   
 REGION: UPPER GILA LOCALE                       

                  CROP       CROP                                                                             TOTAL
                WEIGHTED    CU FULL    SHORTAGE  SHORTAGE  CONSUMPTIVE    INCIDENTAL      CONSERVATION       IRRIGATION
 YEAR    ACRES  CIR (FT)  SUPPLY (AF)    (AF)      (%)      USE (AF)    DEPLETIONS (AF)   DEPLETION (AF)   DEPLETION (AF)
 =========================================================================================================================

 2014      55.      1.77          98.        0.        0.          98.              10.              0.            108.
 2015      60.      1.60          96.        0.        0.          96.               9.              0.            105.
 2016      62.      1.82         113.        0.        0.         113.              10.              0.            123.
 2017      68.      1.98         134.        0.        0.         134.              11.              0.            145.
 2018      63.      1.95         123.        0.        0.         123.              10.              0.            133.
 2019      90.      1.83         165.        0.        0.         165.              14.              0.            179.
 2020      62.      2.08         128.        0.        0.         128.              10.              0.            138.
 2021      70.      1.78         125.        0.        0.         125.              10.              0.            135.
 2022      50.      1.37          69.        0.        0.          69.               3.              0.             72.
 2023      78.      2.11         165.        0.        0.         165.              11.              0.            176.
 2024      80.      2.00         161.        0.        0.         161.              11.              0.            172.

AVERAGE    67.      1.85         125.        0.        0.         125.              10.              0.            135.

NOTE:SHORTAGE BASED ON USER INPUT PERCENTAGES EXCLUDESSHORTAGES AFTER USER INPUT WATER SUPPLY CUTOFF DATES, SUCH ASFOR SHORTED ALFALFA AND PASTURE.
 
 
 
 
 
 
 
 
 
 
 
 
 
 
 
 
 
 
 
 
          ANNUAL IRRIGATION CONSUMPTIVE USES

 Gila-San Francisco 1968-2024 CU xirrigcu program MBC SCS rain                   
 REGION: CLIFF-GILA LOCALE                       

                  CROP       CROP                                                                             TOTAL
                WEIGHTED    CU FULL    SHORTAGE  SHORTAGE  CONSUMPTIVE    INCIDENTAL      CONSERVATION       IRRIGATION
 YEAR    ACRES  CIR (FT)  SUPPLY (AF)    (AF)      (%)      USE (AF)    DEPLETIONS (AF)   DEPLETION (AF)   DEPLETION (AF)
 =========================================================================================================================

 2014    1850.      2.08        3846.        0.        0.        3846.             376.              0.           4223.
 2015    1687.      2.24        3786.        0.        0.        3786.             365.              0.           4151.
 2016    1745.      2.18        3803.        0.        0.        3803.             362.              0.           4164.
 2017    1763.      2.41        4241.        0.        0.        4241.             399.              0.           4640.
 2018    1564.      2.29        3577.        0.        0.        3577.             331.              0.           3908.
 2019    1791.      2.29        4099.        0.        0.        4099.             381.              0.           4480.
 2020    1772.      2.44        4317.        0.        0.        4317.             400.              0.           4717.
 2021    1709.      1.94        3311.        0.        0.        3311.             305.              0.           3617.
 2022    1868.      1.73        3238.        0.        0.        3238.             297.              0.           3535.
 2023    1913.      2.82        5394.        0.        0.        5394.             494.              0.           5888.
 2024    2060.      2.64        5446.        0.        0.        5446.             506.              0.           5952.

AVERAGE  1793.      2.28        4096.        0.        0.        4096.             383.              0.           4480.

NOTE:SHORTAGE BASED ON USER INPUT PERCENTAGES EXCLUDESSHORTAGES AFTER USER INPUT WATER SUPPLY CUTOFF DATES, SUCH ASFOR SHORTED ALFALFA AND PASTURE.
 
 
 
 
 
 
 
 
 
 
 
 
 
 
 
 
 
 
 
 
          ANNUAL IRRIGATION CONSUMPTIVE USES

 Gila-San Francisco 1968-2024 CU xirrigcu program MBC SCS rain                   
 REGION: REDROCK LOCALE                          

                  CROP       CROP                                                                             TOTAL
                WEIGHTED    CU FULL    SHORTAGE  SHORTAGE  CONSUMPTIVE    INCIDENTAL      CONSERVATION       IRRIGATION
 YEAR    ACRES  CIR (FT)  SUPPLY (AF)    (AF)      (%)      USE (AF)    DEPLETIONS (AF)   DEPLETION (AF)   DEPLETION (AF)
 =========================================================================================================================

 2014     213.      2.66         566.        0.        0.         566.              54.              0.            620.
 2015     159.      2.71         430.        0.        0.         430.              35.              0.            465.
 2016     106.      1.96         208.        0.        0.         208.              19.              0.            226.
 2017     135.      2.19         296.        0.        0.         296.              24.              0.            320.
 2018     113.      2.67         302.        0.        0.         302.              28.              0.            330.
 2019     100.      2.75         274.        0.        0.         274.              26.              0.            300.
 2020     129.      3.29         424.        0.        0.         424.              39.              0.            463.
 2021      93.      2.81         261.        0.        0.         261.              25.              0.            286.
 2022      96.      2.75         263.        0.        0.         263.              25.              0.            288.
 2023     131.      3.23         424.        0.        0.         424.              41.              0.            465.
 2024     116.      3.19         371.        0.        0.         371.              37.              0.            408.

AVERAGE   126.      2.75         347.        0.        0.         347.              32.              0.            379.

NOTE:SHORTAGE BASED ON USER INPUT PERCENTAGES EXCLUDESSHORTAGES AFTER USER INPUT WATER SUPPLY CUTOFF DATES, SUCH ASFOR SHORTED ALFALFA AND PASTURE.
 
 
 
 
 
 
 
 
 
 
 
 
 
 
 
 
 
 
 
 
          ANNUAL IRRIGATION CONSUMPTIVE USES

 Gila-San Francisco 1968-2024 CU xirrigcu program MBC SCS rain                   
 REGION: VIRDEN VALLEY LOCALE                    

                  CROP       CROP                                                                             TOTAL
                WEIGHTED    CU FULL    SHORTAGE  SHORTAGE  CONSUMPTIVE    INCIDENTAL      CONSERVATION       IRRIGATION
 YEAR    ACRES  CIR (FT)  SUPPLY (AF)    (AF)      (%)      USE (AF)    DEPLETIONS (AF)   DEPLETION (AF)   DEPLETION (AF)
 =========================================================================================================================

 2014     221.      2.68         591.        0.        0.         591.              12.              0.            602.
 2015     232.      2.64         610.        0.        0.         610.              12.              0.            622.
 2016     280.      2.87         805.        0.        0.         805.              16.              0.            821.
 2017     270.      3.27         883.        0.        0.         883.              18.              0.            900.
 2018     279.      2.83         788.        0.        0.         788.              16.              0.            804.
 2019      45.      2.16          98.        0.        0.          98.               2.              0.             99.
 2020      49.      3.00         146.        0.        0.         146.               2.              0.            147.
 2021      49.      1.91          92.        0.        0.          92.               1.              0.             94.
 2022      99.      1.64         162.        0.        0.         162.               3.              0.            165.
 2023      45.      2.02          91.        0.        0.          91.               1.              0.             92.
 2024      60.      3.17         189.        0.        0.         189.               3.              0.            192.

AVERAGE   148.      2.56         405.        0.        0.         405.               8.              0.            413.

NOTE:SHORTAGE BASED ON USER INPUT PERCENTAGES EXCLUDESSHORTAGES AFTER USER INPUT WATER SUPPLY CUTOFF DATES, SUCH ASFOR SHORTED ALFALFA AND PASTURE.
 
 
 
 
 
 
 
 
 
 
 
 
 
 
 
 
 
 
 
 
          ANNUAL IRRIGATION CONSUMPTIVE USES

 Gila-San Francisco 1968-2024 CU xirrigcu program MBC SCS rain                   
 REGION: SAN SIMON LOCALE                        

                  CROP       CROP                                                                             TOTAL
                WEIGHTED    CU FULL    SHORTAGE  SHORTAGE  CONSUMPTIVE    INCIDENTAL      CONSERVATION       IRRIGATION
 YEAR    ACRES  CIR (FT)  SUPPLY (AF)    (AF)      (%)      USE (AF)    DEPLETIONS (AF)   DEPLETION (AF)   DEPLETION (AF)
 =========================================================================================================================

 2014     201.      2.39         480.        0.        0.         480.              10.              0.            490.
 2015     543.      1.74         944.        0.        0.         944.              19.              0.            962.
 2016     672.      2.61        1758.        0.        0.        1758.              35.              0.           1793.
 2017     555.      2.92        1619.        0.        0.        1619.              32.              0.           1652.
 2018     919.      2.62        2408.        0.        0.        2408.              48.              0.           2456.
 2019     858.      2.86        2455.        0.        0.        2455.              49.              0.           2504.
 2020     624.      3.56        2220.        0.        0.        2220.              44.              0.           2264.
 2021     475.      2.92        1387.        0.        0.        1387.              28.              0.           1415.
 2022     231.      2.69         619.        0.        0.         619.              12.              0.            632.
 2023     522.      3.53        1844.        0.        0.        1844.              37.              0.           1881.
 2024     754.      3.55        2680.        0.        0.        2680.              54.              0.           2734.

AVERAGE   578.      2.85        1674.        0.        0.        1674.              33.              0.           1707.

NOTE:SHORTAGE BASED ON USER INPUT PERCENTAGES EXCLUDESSHORTAGES AFTER USER INPUT WATER SUPPLY CUTOFF DATES, SUCH ASFOR SHORTED ALFALFA AND PASTURE.
 
 
 
 
 
 
 
 
 
 
 
 
 
 
 
 
 
 
 
 
