          ANNUAL IRRIGATION CONSUMPTIVE USES

 Gila-San Francisco 1968-2024 CU xirrigcu program OBC usbr rain                  
 IRRIGATED AREA: LUNA                                    

                  CROP       CROP                                                                             TOTAL
                WEIGHTED    CU FULL    SHORTAGE  SHORTAGE  CONSUMPTIVE    INCIDENTAL      CONSERVATION       IRRIGATION
 YEAR    ACRES  CIR (FT)  SUPPLY (AF)    (AF)      (%)      USE (AF)    DEPLETIONS (AF)   DEPLETION (AF)   DEPLETION (AF)
 =========================================================================================================================

 2024     183.      1.39         255.        0.        0.         255.              21.              0.            276.

AVERAGE   183.      1.39         255.        0.        0.         255.              21.              0.            276.

 NOTE:SHORTAGES ARE BASED ON USER-INPUT PERCENTAGES AND EXCLUDE SHORTAGES AFTER USER-INPUT WATER SUPPLY CUTOFF DATES
 THAT MAY BE USED, FOR EXAMPLE, FOR SHORTED ALFALFA AND PASTURE.
 
 
 
 
 
 
 
 
 
 
 
 
 
 
 
 
 
 
 
 
 
 
 
 
 
 
 
 
 
          ANNUAL IRRIGATION CONSUMPTIVE USES

 Gila-San Francisco 1968-2024 CU xirrigcu program OBC usbr rain                  
 IRRIGATED AREA: APACHE-ARAGON                           

                  CROP       CROP                                                                             TOTAL
                WEIGHTED    CU FULL    SHORTAGE  SHORTAGE  CONSUMPTIVE    INCIDENTAL      CONSERVATION       IRRIGATION
 YEAR    ACRES  CIR (FT)  SUPPLY (AF)    (AF)      (%)      USE (AF)    DEPLETIONS (AF)   DEPLETION (AF)   DEPLETION (AF)
 =========================================================================================================================

 2024     157.      1.51         237.        0.        0.         237.              22.              0.            259.

AVERAGE   157.      1.51         237.        0.        0.         237.              22.              0.            259.

 NOTE:SHORTAGES ARE BASED ON USER-INPUT PERCENTAGES AND EXCLUDE SHORTAGES AFTER USER-INPUT WATER SUPPLY CUTOFF DATES
 THAT MAY BE USED, FOR EXAMPLE, FOR SHORTED ALFALFA AND PASTURE.
 
 
 
 
 
 
 
 
 
 
 
 
 
 
 
 
 
 
 
 
 
 
 
 
 
 
 
 
 
          ANNUAL IRRIGATION CONSUMPTIVE USES

 Gila-San Francisco 1968-2024 CU xirrigcu program OBC usbr rain                  
 IRRIGATED AREA: RESERVE                                 

                  CROP       CROP                                                                             TOTAL
                WEIGHTED    CU FULL    SHORTAGE  SHORTAGE  CONSUMPTIVE    INCIDENTAL      CONSERVATION       IRRIGATION
 YEAR    ACRES  CIR (FT)  SUPPLY (AF)    (AF)      (%)      USE (AF)    DEPLETIONS (AF)   DEPLETION (AF)   DEPLETION (AF)
 =========================================================================================================================

 2024     339.      1.65         558.        0.        0.         558.              52.              0.            609.

AVERAGE   339.      1.65         558.        0.        0.         558.              52.              0.            609.

 NOTE:SHORTAGES ARE BASED ON USER-INPUT PERCENTAGES AND EXCLUDE SHORTAGES AFTER USER-INPUT WATER SUPPLY CUTOFF DATES
 THAT MAY BE USED, FOR EXAMPLE, FOR SHORTED ALFALFA AND PASTURE.
 
 
 
 
 
 
 
 
 
 
 
 
 
 
 
 
 
 
 
 
 
 
 
 
 
 
 
 
 
          ANNUAL IRRIGATION CONSUMPTIVE USES

 Gila-San Francisco 1968-2024 CU xirrigcu program OBC usbr rain                  
 IRRIGATED AREA: GLENWOOD                                

                  CROP       CROP                                                                             TOTAL
                WEIGHTED    CU FULL    SHORTAGE  SHORTAGE  CONSUMPTIVE    INCIDENTAL      CONSERVATION       IRRIGATION
 YEAR    ACRES  CIR (FT)  SUPPLY (AF)    (AF)      (%)      USE (AF)    DEPLETIONS (AF)   DEPLETION (AF)   DEPLETION (AF)
 =========================================================================================================================

 2024     710.      2.25        1598.        0.        0.        1598.             143.              0.           1741.

AVERAGE   710.      2.25        1598.        0.        0.        1598.             143.              0.           1741.

 NOTE:SHORTAGES ARE BASED ON USER-INPUT PERCENTAGES AND EXCLUDE SHORTAGES AFTER USER-INPUT WATER SUPPLY CUTOFF DATES
 THAT MAY BE USED, FOR EXAMPLE, FOR SHORTED ALFALFA AND PASTURE.
 
 
 
 
 
 
 
 
 
 
 
 
 
 
 
 
 
 
 
 
 
 
 
 
 
 
 
 
 
          ANNUAL IRRIGATION CONSUMPTIVE USES

 Gila-San Francisco 1968-2024 CU xirrigcu program OBC usbr rain                  
 IRRIGATED AREA: UPPER GILA                              

                  CROP       CROP                                                                             TOTAL
                WEIGHTED    CU FULL    SHORTAGE  SHORTAGE  CONSUMPTIVE    INCIDENTAL      CONSERVATION       IRRIGATION
 YEAR    ACRES  CIR (FT)  SUPPLY (AF)    (AF)      (%)      USE (AF)    DEPLETIONS (AF)   DEPLETION (AF)   DEPLETION (AF)
 =========================================================================================================================

 2024      80.      1.82         146.        0.        0.         146.              10.              0.            156.

AVERAGE    80.      1.82         146.        0.        0.         146.              10.              0.            156.

 NOTE:SHORTAGES ARE BASED ON USER-INPUT PERCENTAGES AND EXCLUDE SHORTAGES AFTER USER-INPUT WATER SUPPLY CUTOFF DATES
 THAT MAY BE USED, FOR EXAMPLE, FOR SHORTED ALFALFA AND PASTURE.
 
 
 
 
 
 
 
 
 
 
 
 
 
 
 
 
 
 
 
 
 
 
 
 
 
 
 
 
 
          ANNUAL IRRIGATION CONSUMPTIVE USES

 Gila-San Francisco 1968-2024 CU xirrigcu program OBC usbr rain                  
 IRRIGATED AREA: CLIFF-GILA                              

                  CROP       CROP                                                                             TOTAL
                WEIGHTED    CU FULL    SHORTAGE  SHORTAGE  CONSUMPTIVE    INCIDENTAL      CONSERVATION       IRRIGATION
 YEAR    ACRES  CIR (FT)  SUPPLY (AF)    (AF)      (%)      USE (AF)    DEPLETIONS (AF)   DEPLETION (AF)   DEPLETION (AF)
 =========================================================================================================================

 2024    2060.      2.28        4693.        0.        0.        4693.             436.              0.           5129.

AVERAGE  2060.      2.28        4693.        0.        0.        4693.             436.              0.           5129.

 NOTE:SHORTAGES ARE BASED ON USER-INPUT PERCENTAGES AND EXCLUDE SHORTAGES AFTER USER-INPUT WATER SUPPLY CUTOFF DATES
 THAT MAY BE USED, FOR EXAMPLE, FOR SHORTED ALFALFA AND PASTURE.
 
 
 
 
 
 
 
 
 
 
 
 
 
 
 
 
 
 
 
 
 
 
 
 
 
 
 
 
 
          ANNUAL IRRIGATION CONSUMPTIVE USES

 Gila-San Francisco 1968-2024 CU xirrigcu program OBC usbr rain                  
 IRRIGATED AREA: REDROCK                                 

                  CROP       CROP                                                                             TOTAL
                WEIGHTED    CU FULL    SHORTAGE  SHORTAGE  CONSUMPTIVE    INCIDENTAL      CONSERVATION       IRRIGATION
 YEAR    ACRES  CIR (FT)  SUPPLY (AF)    (AF)      (%)      USE (AF)    DEPLETIONS (AF)   DEPLETION (AF)   DEPLETION (AF)
 =========================================================================================================================

 2024     116.      2.90         337.        0.        0.         337.              34.              0.            371.

AVERAGE   116.      2.90         337.        0.        0.         337.              34.              0.            371.

 NOTE:SHORTAGES ARE BASED ON USER-INPUT PERCENTAGES AND EXCLUDE SHORTAGES AFTER USER-INPUT WATER SUPPLY CUTOFF DATES
 THAT MAY BE USED, FOR EXAMPLE, FOR SHORTED ALFALFA AND PASTURE.
 
 
 
 
 
 
 
 
 
 
 
 
 
 
 
 
 
 
 
 
 
 
 
 
 
 
 
 
 
          ANNUAL IRRIGATION CONSUMPTIVE USES

 Gila-San Francisco 1968-2024 CU xirrigcu program OBC usbr rain                  
 IRRIGATED AREA: VIRDEN VALLEY                           

                  CROP       CROP                                                                             TOTAL
                WEIGHTED    CU FULL    SHORTAGE  SHORTAGE  CONSUMPTIVE    INCIDENTAL      CONSERVATION       IRRIGATION
 YEAR    ACRES  CIR (FT)  SUPPLY (AF)    (AF)      (%)      USE (AF)    DEPLETIONS (AF)   DEPLETION (AF)   DEPLETION (AF)
 =========================================================================================================================

 2024      60.      2.83         169.        0.        0.         169.               2.              0.            171.

AVERAGE    60.      2.83         169.        0.        0.         169.               2.              0.            171.

 NOTE:SHORTAGES ARE BASED ON USER-INPUT PERCENTAGES AND EXCLUDE SHORTAGES AFTER USER-INPUT WATER SUPPLY CUTOFF DATES
 THAT MAY BE USED, FOR EXAMPLE, FOR SHORTED ALFALFA AND PASTURE.
 
 
 
 
 
 
 
 
 
 
 
 
 
 
 
 
 
 
 
 
 
 
 
 
 
 
 
 
 
          ANNUAL IRRIGATION CONSUMPTIVE USES

 Gila-San Francisco 1968-2024 CU xirrigcu program OBC usbr rain                  
 IRRIGATED AREA: SAN SIMON                               

                  CROP       CROP                                                                             TOTAL
                WEIGHTED    CU FULL    SHORTAGE  SHORTAGE  CONSUMPTIVE    INCIDENTAL      CONSERVATION       IRRIGATION
 YEAR    ACRES  CIR (FT)  SUPPLY (AF)    (AF)      (%)      USE (AF)    DEPLETIONS (AF)   DEPLETION (AF)   DEPLETION (AF)
 =========================================================================================================================

 2024     754.      3.12        2353.        0.        0.        2353.              47.              0.           2400.

AVERAGE   754.      3.12        2353.        0.        0.        2353.              47.              0.           2400.

 NOTE:SHORTAGES ARE BASED ON USER-INPUT PERCENTAGES AND EXCLUDE SHORTAGES AFTER USER-INPUT WATER SUPPLY CUTOFF DATES
 THAT MAY BE USED, FOR EXAMPLE, FOR SHORTED ALFALFA AND PASTURE.
 
 
 
 
 
 
 
 
 
 
 
 
 
 
 
 
 
 
 
 
 
 
 
 
 
 
 
 
 
          ANNUAL IRRIGATION CONSUMPTIVE USES

 Gila-San Francisco 1968-2024 CU xirrigcu program OBC usbr rain                  
 REGION: LUNA LOCALE                             

                  CROP       CROP                                                                             TOTAL
                WEIGHTED    CU FULL    SHORTAGE  SHORTAGE  CONSUMPTIVE    INCIDENTAL      CONSERVATION       IRRIGATION
 YEAR    ACRES  CIR (FT)  SUPPLY (AF)    (AF)      (%)      USE (AF)    DEPLETIONS (AF)   DEPLETION (AF)   DEPLETION (AF)
 =========================================================================================================================

 2024     183.      1.39         255.        0.        0.         255.              21.              0.            276.

AVERAGE   183.      1.39         255.        0.        0.         255.              21.              0.            276.

NOTE:SHORTAGE BASED ON USER INPUT PERCENTAGES EXCLUDESSHORTAGES AFTER USER INPUT WATER SUPPLY CUTOFF DATES, SUCH ASFOR SHORTED ALFALFA AND PASTURE.
 
 
 
 
 
 
 
 
 
 
 
 
 
 
 
 
 
 
 
 
 
 
 
 
 
 
 
 
 
 
          ANNUAL IRRIGATION CONSUMPTIVE USES

 Gila-San Francisco 1968-2024 CU xirrigcu program OBC usbr rain                  
 REGION: APACHE-ARAGON LOCALE                    

                  CROP       CROP                                                                             TOTAL
                WEIGHTED    CU FULL    SHORTAGE  SHORTAGE  CONSUMPTIVE    INCIDENTAL      CONSERVATION       IRRIGATION
 YEAR    ACRES  CIR (FT)  SUPPLY (AF)    (AF)      (%)      USE (AF)    DEPLETIONS (AF)   DEPLETION (AF)   DEPLETION (AF)
 =========================================================================================================================

 2024     157.      1.51         237.        0.        0.         237.              22.              0.            259.

AVERAGE   157.      1.51         237.        0.        0.         237.              22.              0.            259.

NOTE:SHORTAGE BASED ON USER INPUT PERCENTAGES EXCLUDESSHORTAGES AFTER USER INPUT WATER SUPPLY CUTOFF DATES, SUCH ASFOR SHORTED ALFALFA AND PASTURE.
 
 
 
 
 
 
 
 
 
 
 
 
 
 
 
 
 
 
 
 
 
 
 
 
 
 
 
 
 
 
          ANNUAL IRRIGATION CONSUMPTIVE USES

 Gila-San Francisco 1968-2024 CU xirrigcu program OBC usbr rain                  
 REGION: RESERVE LOCALE                          

                  CROP       CROP                                                                             TOTAL
                WEIGHTED    CU FULL    SHORTAGE  SHORTAGE  CONSUMPTIVE    INCIDENTAL      CONSERVATION       IRRIGATION
 YEAR    ACRES  CIR (FT)  SUPPLY (AF)    (AF)      (%)      USE (AF)    DEPLETIONS (AF)   DEPLETION (AF)   DEPLETION (AF)
 =========================================================================================================================

 2024     339.      1.65         558.        0.        0.         558.              52.              0.            609.

AVERAGE   339.      1.65         558.        0.        0.         558.              52.              0.            609.

NOTE:SHORTAGE BASED ON USER INPUT PERCENTAGES EXCLUDESSHORTAGES AFTER USER INPUT WATER SUPPLY CUTOFF DATES, SUCH ASFOR SHORTED ALFALFA AND PASTURE.
 
 
 
 
 
 
 
 
 
 
 
 
 
 
 
 
 
 
 
 
 
 
 
 
 
 
 
 
 
 
          ANNUAL IRRIGATION CONSUMPTIVE USES

 Gila-San Francisco 1968-2024 CU xirrigcu program OBC usbr rain                  
 REGION: GLENWOOD LOCALE                         

                  CROP       CROP                                                                             TOTAL
                WEIGHTED    CU FULL    SHORTAGE  SHORTAGE  CONSUMPTIVE    INCIDENTAL      CONSERVATION       IRRIGATION
 YEAR    ACRES  CIR (FT)  SUPPLY (AF)    (AF)      (%)      USE (AF)    DEPLETIONS (AF)   DEPLETION (AF)   DEPLETION (AF)
 =========================================================================================================================

 2024     710.      2.25        1598.        0.        0.        1598.             143.              0.           1741.

AVERAGE   710.      2.25        1598.        0.        0.        1598.             143.              0.           1741.

NOTE:SHORTAGE BASED ON USER INPUT PERCENTAGES EXCLUDESSHORTAGES AFTER USER INPUT WATER SUPPLY CUTOFF DATES, SUCH ASFOR SHORTED ALFALFA AND PASTURE.
 
 
 
 
 
 
 
 
 
 
 
 
 
 
 
 
 
 
 
 
 
 
 
 
 
 
 
 
 
 
          ANNUAL IRRIGATION CONSUMPTIVE USES

 Gila-San Francisco 1968-2024 CU xirrigcu program OBC usbr rain                  
 REGION: UPPER GILA LOCALE                       

                  CROP       CROP                                                                             TOTAL
                WEIGHTED    CU FULL    SHORTAGE  SHORTAGE  CONSUMPTIVE    INCIDENTAL      CONSERVATION       IRRIGATION
 YEAR    ACRES  CIR (FT)  SUPPLY (AF)    (AF)      (%)      USE (AF)    DEPLETIONS (AF)   DEPLETION (AF)   DEPLETION (AF)
 =========================================================================================================================

 2024      80.      1.82         146.        0.        0.         146.              10.              0.            156.

AVERAGE    80.      1.82         146.        0.        0.         146.              10.              0.            156.

NOTE:SHORTAGE BASED ON USER INPUT PERCENTAGES EXCLUDESSHORTAGES AFTER USER INPUT WATER SUPPLY CUTOFF DATES, SUCH ASFOR SHORTED ALFALFA AND PASTURE.
 
 
 
 
 
 
 
 
 
 
 
 
 
 
 
 
 
 
 
 
 
 
 
 
 
 
 
 
 
 
          ANNUAL IRRIGATION CONSUMPTIVE USES

 Gila-San Francisco 1968-2024 CU xirrigcu program OBC usbr rain                  
 REGION: CLIFF-GILA LOCALE                       

                  CROP       CROP                                                                             TOTAL
                WEIGHTED    CU FULL    SHORTAGE  SHORTAGE  CONSUMPTIVE    INCIDENTAL      CONSERVATION       IRRIGATION
 YEAR    ACRES  CIR (FT)  SUPPLY (AF)    (AF)      (%)      USE (AF)    DEPLETIONS (AF)   DEPLETION (AF)   DEPLETION (AF)
 =========================================================================================================================

 2024    2060.      2.28        4693.        0.        0.        4693.             436.              0.           5129.

AVERAGE  2060.      2.28        4693.        0.        0.        4693.             436.              0.           5129.

NOTE:SHORTAGE BASED ON USER INPUT PERCENTAGES EXCLUDESSHORTAGES AFTER USER INPUT WATER SUPPLY CUTOFF DATES, SUCH ASFOR SHORTED ALFALFA AND PASTURE.
 
 
 
 
 
 
 
 
 
 
 
 
 
 
 
 
 
 
 
 
 
 
 
 
 
 
 
 
 
 
          ANNUAL IRRIGATION CONSUMPTIVE USES

 Gila-San Francisco 1968-2024 CU xirrigcu program OBC usbr rain                  
 REGION: REDROCK LOCALE                          

                  CROP       CROP                                                                             TOTAL
                WEIGHTED    CU FULL    SHORTAGE  SHORTAGE  CONSUMPTIVE    INCIDENTAL      CONSERVATION       IRRIGATION
 YEAR    ACRES  CIR (FT)  SUPPLY (AF)    (AF)      (%)      USE (AF)    DEPLETIONS (AF)   DEPLETION (AF)   DEPLETION (AF)
 =========================================================================================================================

 2024     116.      2.90         337.        0.        0.         337.              34.              0.            371.

AVERAGE   116.      2.90         337.        0.        0.         337.              34.              0.            371.

NOTE:SHORTAGE BASED ON USER INPUT PERCENTAGES EXCLUDESSHORTAGES AFTER USER INPUT WATER SUPPLY CUTOFF DATES, SUCH ASFOR SHORTED ALFALFA AND PASTURE.
 
 
 
 
 
 
 
 
 
 
 
 
 
 
 
 
 
 
 
 
 
 
 
 
 
 
 
 
 
 
          ANNUAL IRRIGATION CONSUMPTIVE USES

 Gila-San Francisco 1968-2024 CU xirrigcu program OBC usbr rain                  
 REGION: VIRDEN VALLEY LOCALE                    

                  CROP       CROP                                                                             TOTAL
                WEIGHTED    CU FULL    SHORTAGE  SHORTAGE  CONSUMPTIVE    INCIDENTAL      CONSERVATION       IRRIGATION
 YEAR    ACRES  CIR (FT)  SUPPLY (AF)    (AF)      (%)      USE (AF)    DEPLETIONS (AF)   DEPLETION (AF)   DEPLETION (AF)
 =========================================================================================================================

 2024      60.      2.83         169.        0.        0.         169.               2.              0.            171.

AVERAGE    60.      2.83         169.        0.        0.         169.               2.              0.            171.

NOTE:SHORTAGE BASED ON USER INPUT PERCENTAGES EXCLUDESSHORTAGES AFTER USER INPUT WATER SUPPLY CUTOFF DATES, SUCH ASFOR SHORTED ALFALFA AND PASTURE.
 
 
 
 
 
 
 
 
 
 
 
 
 
 
 
 
 
 
 
 
 
 
 
 
 
 
 
 
 
 
          ANNUAL IRRIGATION CONSUMPTIVE USES

 Gila-San Francisco 1968-2024 CU xirrigcu program OBC usbr rain                  
 REGION: SAN SIMON LOCALE                        

                  CROP       CROP                                                                             TOTAL
                WEIGHTED    CU FULL    SHORTAGE  SHORTAGE  CONSUMPTIVE    INCIDENTAL      CONSERVATION       IRRIGATION
 YEAR    ACRES  CIR (FT)  SUPPLY (AF)    (AF)      (%)      USE (AF)    DEPLETIONS (AF)   DEPLETION (AF)   DEPLETION (AF)
 =========================================================================================================================

 2024     754.      3.12        2353.        0.        0.        2353.              47.              0.           2400.

AVERAGE   754.      3.12        2353.        0.        0.        2353.              47.              0.           2400.

NOTE:SHORTAGE BASED ON USER INPUT PERCENTAGES EXCLUDESSHORTAGES AFTER USER INPUT WATER SUPPLY CUTOFF DATES, SUCH ASFOR SHORTED ALFALFA AND PASTURE.
 
 
 
 
 
 
 
 
 
 
 
 
 
 
 
 
 
 
 
 
 
 
 
 
 
 
 
 
 
 
